main.c:130:5:main	16	static
main.c:207:6:SystemClock_Config	120	static
main.c:268:13:MX_ADC3_Init	40	static
main.c:325:13:MX_ETH_Init	8	static
main.c:371:13:MX_SPI3_Init	8	static
main.c:419:13:MX_TIM1_Init	56	static
main.c:470:13:MX_TIM2_Init	56	static
main.c:519:13:MX_TIM3_Init	56	static
main.c:568:13:MX_TIM4_Init	56	static
main.c:617:13:MX_TIM5_Init	40	static
main.c:662:13:MX_TIM12_Init	40	static
main.c:704:13:MX_TIM13_Init	40	static
main.c:750:13:MX_TIM16_Init	80	static
main.c:813:13:MX_TIM17_Init	80	static
main.c:876:13:MX_UART5_Init	8	static
main.c:924:13:MX_UART7_Init	8	static
main.c:972:13:MX_USB_OTG_FS_PCD_Init	8	static
main.c:1006:13:MX_BDMA_Init	16	static
main.c:1022:13:MX_DMA_Init	16	static
main.c:1040:13:MX_GPIO_Init	64	static
main.c:1152:6:Error_Handler	4	static,ignoring_inline_asm
